
> stop-shop@0.0.0 test
> vitest run --reporter=verbose


[7m[1m[36m RUN [39m[22m[27m [36mv1.6.1[39m [90mC:/Users/JAPAN COMPUTERS/OneDrive/Desktop/Stop-Shop[39m

 [32mΓ£ô[39m src/test/server-utils.test.js[2m > [22mrequireRole middleware[2m > [22mallows super-admin to access super-admin only route
 [32mΓ£ô[39m src/test/server-utils.test.js[2m > [22mrequireRole middleware[2m > [22mallows admin to access admin route
 [32mΓ£ô[39m src/test/server-utils.test.js[2m > [22mrequireRole middleware[2m > [22mblocks admin from super-admin only route
 [32mΓ£ô[39m src/test/server-utils.test.js[2m > [22mrequireRole middleware[2m > [22mblocks auditor from delete routes
 [32mΓ£ô[39m src/test/server-utils.test.js[2m > [22mrequireRole middleware[2m > [22mblocks request with no user object
 [32mΓ£ô[39m src/test/server-utils.test.js[2m > [22mrequireRole middleware[2m > [22mblocks request with no role field
 [32mΓ£ô[39m src/test/server-utils.test.js[2m > [22mrequireRole middleware[2m > [22msupports multiple allowed roles
 [32mΓ£ô[39m src/test/server-utils.test.js[2m > [22mPrice snapshot at checkout[2m > [22muses product price from DB, not client price
 [32mΓ£ô[39m src/test/server-utils.test.js[2m > [22mPrice snapshot at checkout[2m > [22menriches missing name/category from product DB
 [31m├ù[39m src/test/server-utils.test.js[2m > [22mPrice snapshot at checkout[2m > [22mclamps negative total to 0
[31m   ΓåÆ expected +0 to be -500 // Object.is equality[39m
 [32mΓ£ô[39m src/test/server-utils.test.js[2m > [22mPrice snapshot at checkout[2m > [22mhandles missing product gracefully (uses client fallback)
 [32mΓ£ô[39m src/test/server-utils.test.js[2m > [22mPrice snapshot at checkout[2m > [22mcorrectly sums multiple items with different quantities
 [32mΓ£ô[39m src/test/server-utils.test.js[2m > [22mPrice snapshot at checkout[2m > [22mdefault quantity to 1 if missing or invalid
 [32mΓ£ô[39m src/test/server-utils.test.js[2m > [22mInventory status computation[2m > [22mreturns Out of Stock for 0
 [32mΓ£ô[39m src/test/server-utils.test.js[2m > [22mInventory status computation[2m > [22mreturns Low Stock for 1-4
 [32mΓ£ô[39m src/test/server-utils.test.js[2m > [22mInventory status computation[2m > [22mreturns In Stock for 5 and above
 [32mΓ£ô[39m src/test/server-utils.test.js[2m > [22mInventory status computation[2m > [22mhandles decimal values (floor)
 [32mΓ£ô[39m src/test/server-utils.test.js[2m > [22mStock delta calculations[2m > [22mcomputes positive delta when restocking
 [32mΓ£ô[39m src/test/server-utils.test.js[2m > [22mStock delta calculations[2m > [22mcomputes negative delta when selling
 [32mΓ£ô[39m src/test/server-utils.test.js[2m > [22mStock delta calculations[2m > [22mcomputes zero delta when no change
 [32mΓ£ô[39m src/test/server-utils.test.js[2m > [22mStock delta calculations[2m > [22mcomputes total from sizeStock correctly
 [32mΓ£ô[39m src/test/server-utils.test.js[2m > [22mStock delta calculations[2m > [22mhandles empty sizeStock
 [32mΓ£ô[39m src/test/server-utils.test.js[2m > [22mMovement log entry builder[2m > [22mlabels SALE movement as customer-triggered
 [32mΓ£ô[39m src/test/server-utils.test.js[2m > [22mMovement log entry builder[2m > [22mlabels RESTOCK as admin-triggered
 [32mΓ£ô[39m src/test/server-utils.test.js[2m > [22mMovement log entry builder[2m > [22mlabels ADMIN_UPDATE as admin-triggered
 [32mΓ£ô[39m src/test/server-utils.test.js[2m > [22mMovement log entry builder[2m > [22mlabels ADMIN_DELETE as admin-triggered
 [32mΓ£ô[39m src/test/server-utils.test.js[2m > [22mMovement log entry builder[2m > [22msets note with correct sign
 [32mΓ£ô[39m src/test/server-utils.test.js[2m > [22mAudit log detail builders[2m > [22mcaptures PRODUCT_CREATE details
 [32mΓ£ô[39m src/test/server-utils.test.js[2m > [22mAudit log detail builders[2m > [22mcaptures INVENTORY_RESTOCK details
 [32mΓ£ô[39m src/test/server-utils.test.js[2m > [22mAudit log detail builders[2m > [22mcaptures ORDER_STATUS_UPDATE details
 [32mΓ£ô[39m src/test/server-utils.test.js[2m > [22mAudit log detail builders[2m > [22mreturns empty object for unknown action
 [32mΓ£ô[39m src/test/checkout.test.js[2m > [22mCheckout flow ΓÇö end-to-end logic[2m > [22mbuildIdQuery[2m > [22mreturns id query for product-style IDs
 [32mΓ£ô[39m src/test/checkout.test.js[2m > [22mCheckout flow ΓÇö end-to-end logic[2m > [22mbuildIdQuery[2m > [22mreturns $or query for MongoDB ObjectId-style IDs
 [32mΓ£ô[39m src/test/checkout.test.js[2m > [22mCheckout flow ΓÇö end-to-end logic[2m > [22mverifyCheckout ΓÇö product existence check[2m > [22mreturns error when product not found in DB
 [32mΓ£ô[39m src/test/checkout.test.js[2m > [22mCheckout flow ΓÇö end-to-end logic[2m > [22mverifyCheckout ΓÇö product existence check[2m > [22mpasses when all products exist
 [32mΓ£ô[39m src/test/checkout.test.js[2m > [22mCheckout flow ΓÇö end-to-end logic[2m > [22mverifyCheckout ΓÇö stock validation[2m > [22mpasses when stock is sufficient
 [32mΓ£ô[39m src/test/checkout.test.js[2m > [22mCheckout flow ΓÇö end-to-end logic[2m > [22mverifyCheckout ΓÇö stock validation[2m > [22mfails when quantity exceeds available stock
 [32mΓ£ô[39m src/test/checkout.test.js[2m > [22mCheckout flow ΓÇö end-to-end logic[2m > [22mverifyCheckout ΓÇö stock validation[2m > [22mfails when size-specific stock is insufficient
 [32mΓ£ô[39m src/test/checkout.test.js[2m > [22mCheckout flow ΓÇö end-to-end logic[2m > [22mverifyCheckout ΓÇö stock validation[2m > [22mpasses when size-specific stock is sufficient
 [32mΓ£ô[39m src/test/checkout.test.js[2m > [22mCheckout flow ΓÇö end-to-end logic[2m > [22mverifyCheckout ΓÇö stock validation[2m > [22muses total quantity when size is not specified
 [32mΓ£ô[39m src/test/checkout.test.js[2m > [22mCheckout flow ΓÇö end-to-end logic[2m > [22menrichItems ΓÇö price snapshot[2m > [22mreplaces client price with DB price
 [32mΓ£ô[39m src/test/checkout.test.js[2m > [22mCheckout flow ΓÇö end-to-end logic[2m > [22menrichItems ΓÇö price snapshot[2m > [22menriches missing category and subCategory from DB
 [32mΓ£ô[39m src/test/checkout.test.js[2m > [22mCheckout flow ΓÇö end-to-end logic[2m > [22menrichItems ΓÇö price snapshot[2m > [22madds selectedSize and selectedColor to enriched items
 [32mΓ£ô[39m src/test/checkout.test.js[2m > [22mCheckout flow ΓÇö end-to-end logic[2m > [22mcomputeVerifiedTotal[2m > [22mmatches the server-side verified total calculation
 [32mΓ£ô[39m src/test/checkout.test.js[2m > [22mCheckout flow ΓÇö end-to-end logic[2m > [22mcomputeVerifiedTotal[2m > [22mprevents client-side total manipulation
 [31m├ù[39m src/test/checkout.test.js[2m > [22mCheckout flow ΓÇö end-to-end logic[2m > [22mFull checkout scenario[2m > [22mcomplete happy-path: cart ΓåÆ validation ΓåÆ enrichment ΓåÆ order creation
[31m   ΓåÆ expected false to be true // Object.is equality[39m
 [32mΓ£ô[39m src/test/checkout.test.js[2m > [22mCheckout flow ΓÇö end-to-end logic[2m > [22mFull checkout scenario[2m > [22mrejects manipulated price when DB price is higher
 [32mΓ£ô[39m src/test/checkout.test.js[2m > [22mAdmin CRUD ΓÇö logic layer[2m > [22mProduct create logic[2m > [22mgenerates unique product ID if not provided
 [32mΓ£ô[39m src/test/checkout.test.js[2m > [22mAdmin CRUD ΓÇö logic layer[2m > [22mProduct create logic[2m > [22mcomputes quantity from sizeStock correctly
 [32mΓ£ô[39m src/test/checkout.test.js[2m > [22mAdmin CRUD ΓÇö logic layer[2m > [22mProduct create logic[2m > [22msets quantity to 0 when sizeStock is empty
 [32mΓ£ô[39m src/test/checkout.test.js[2m > [22mAdmin CRUD ΓÇö logic layer[2m > [22mInventory restock logic[2m > [22madds quantity to existing stock
 [32mΓ£ô[39m src/test/checkout.test.js[2m > [22mAdmin CRUD ΓÇö logic layer[2m > [22mInventory restock logic[2m > [22madds per-size stock correctly
 [32mΓ£ô[39m src/test/checkout.test.js[2m > [22mAdmin CRUD ΓÇö logic layer[2m > [22mInventory restock logic[2m > [22mrecomputes total after restock
 [32mΓ£ô[39m src/test/checkout.test.js[2m > [22mAdmin CRUD ΓÇö logic layer[2m > [22mInventory delete logic[2m > [22msets stock to 0 on delete
 [32mΓ£ô[39m src/test/checkout.test.js[2m > [22mAdmin CRUD ΓÇö logic layer[2m > [22mAudit log action mapping[2m > [22mcovers all expected admin actions
 [32mΓ£ô[39m src/test/checkout.test.js[2m > [22mReview submission validation[2m > [22maccepts valid review
 [32mΓ£ô[39m src/test/checkout.test.js[2m > [22mReview submission validation[2m > [22mrejects short review body
 [32mΓ£ô[39m src/test/checkout.test.js[2m > [22mReview submission validation[2m > [22mrejects invalid email
 [32mΓ£ô[39m src/test/checkout.test.js[2m > [22mReview submission validation[2m > [22mrejects rating 0
 [32mΓ£ô[39m src/test/checkout.test.js[2m > [22mReview submission validation[2m > [22mrejects rating above 5
 [32mΓ£ô[39m src/test/checkout.test.js[2m > [22mReview submission validation[2m > [22mrejects missing name
 [32mΓ£ô[39m src/test/checkout.test.js[2m > [22mReview submission validation[2m > [22mcollects all errors (not just first)
 [32mΓ£ô[39m src/test/checkout.test.js[2m > [22mCoupon validation[2m > [22maccepts valid active coupon
 [32mΓ£ô[39m src/test/checkout.test.js[2m > [22mCoupon validation[2m > [22mrejects expired coupon
 [32mΓ£ô[39m src/test/checkout.test.js[2m > [22mCoupon validation[2m > [22mrejects exhausted coupon
 [32mΓ£ô[39m src/test/checkout.test.js[2m > [22mCoupon validation[2m > [22mrejects below minimum order value
 [32mΓ£ô[39m src/test/validation.test.js[2m > [22mloginSchema[2m > [22maccepts valid email + password
 [32mΓ£ô[39m src/test/validation.test.js[2m > [22mloginSchema[2m > [22mrejects missing email
 [32mΓ£ô[39m src/test/validation.test.js[2m > [22mloginSchema[2m > [22mrejects invalid email format
 [32mΓ£ô[39m src/test/validation.test.js[2m > [22mloginSchema[2m > [22mrejects missing password
 [32mΓ£ô[39m src/test/validation.test.js[2m > [22mloginSchema[2m > [22mtrims and lowercases email
 [32mΓ£ô[39m src/test/validation.test.js[2m > [22mcreateProductSchema[2m > [22maccepts minimal valid product
 [32mΓ£ô[39m src/test/validation.test.js[2m > [22mcreateProductSchema[2m > [22maccepts full product with all fields
 [32mΓ£ô[39m src/test/validation.test.js[2m > [22mcreateProductSchema[2m > [22mrejects negative price
 [32mΓ£ô[39m src/test/validation.test.js[2m > [22mcreateProductSchema[2m > [22mrejects non-numeric price
 [32mΓ£ô[39m src/test/validation.test.js[2m > [22mcreateProductSchema[2m > [22mrejects missing name
 [32mΓ£ô[39m src/test/validation.test.js[2m > [22mcreateProductSchema[2m > [22mrejects empty name
 [32mΓ£ô[39m src/test/validation.test.js[2m > [22mcreateProductSchema[2m > [22mrejects rating below 1
 [32mΓ£ô[39m src/test/validation.test.js[2m > [22mcreateProductSchema[2m > [22mrejects rating above 5
 [32mΓ£ô[39m src/test/validation.test.js[2m > [22mcreateProductSchema[2m > [22maccepts price of 0 (free product)
 [31m├ù[39m src/test/validation.test.js[2m > [22mcreateProductSchema[2m > [22mrejects sizeStock with negative values
[31m   ΓåÆ expected false to be true // Object.is equality[39m
 [32mΓ£ô[39m src/test/validation.test.js[2m > [22mcreateProductSchema[2m > [22maccepts empty optional arrays
 [32mΓ£ô[39m src/test/validation.test.js[2m > [22mupdateProductSchema[2m > [22maccepts partial updates
 [32mΓ£ô[39m src/test/validation.test.js[2m > [22mupdateProductSchema[2m > [22maccepts empty object (no changes)
 [31m├ù[39m src/test/validation.test.js[2m > [22mupdateProductSchema[2m > [22mrejects invalid bucket
[31m   ΓåÆ Expected invalid for field: bucket: expected true to be false // Object.is equality[39m
 [32mΓ£ô[39m src/test/validation.test.js[2m > [22mcheckoutSchema[2m > [22maccepts valid checkout payload
 [32mΓ£ô[39m src/test/validation.test.js[2m > [22mcheckoutSchema[2m > [22maccepts all valid payment methods
 [32mΓ£ô[39m src/test/validation.test.js[2m > [22mcheckoutSchema[2m > [22mrejects invalid payment method
 [32mΓ£ô[39m src/test/validation.test.js[2m > [22mcheckoutSchema[2m > [22mrejects empty cart
 [32mΓ£ô[39m src/test/validation.test.js[2m > [22mcheckoutSchema[2m > [22mrejects cart with more than 50 items
 [32mΓ£ô[39m src/test/validation.test.js[2m > [22mcheckoutSchema[2m > [22mrejects quantity less than 1
 [32mΓ£ô[39m src/test/validation.test.js[2m > [22mcheckoutSchema[2m > [22mrejects quantity over 1000
 [32mΓ£ô[39m src/test/validation.test.js[2m > [22mcheckoutSchema[2m > [22mrejects negative price on item
 [32mΓ£ô[39m src/test/validation.test.js[2m > [22mcheckoutSchema[2m > [22mrejects customer name too short
 [32mΓ£ô[39m src/test/validation.test.js[2m > [22mcheckoutSchema[2m > [22mrejects customer address too short
 [32mΓ£ô[39m src/test/validation.test.js[2m > [22mcheckoutSchema[2m > [22mrejects missing required customer fields
 [32mΓ£ô[39m src/test/validation.test.js[2m > [22mcheckoutSchema[2m > [22maccepts missing optional fields on item (enriched server-side)
 [32mΓ£ô[39m src/test/validation.test.js[2m > [22mcheckoutSchema[2m > [22mrejects total exceeding max price
 [32mΓ£ô[39m src/test/validation.test.js[2m > [22mupdateOrderStatusSchema[2m > [22maccepts all valid statuses
 [32mΓ£ô[39m src/test/validation.test.js[2m > [22mupdateOrderStatusSchema[2m > [22mrejects invalid status
 [32mΓ£ô[39m src/test/validation.test.js[2m > [22mupdateOrderStatusSchema[2m > [22mrejects missing status
 [32mΓ£ô[39m src/test/validation.test.js[2m > [22mcreateAdminSchema[2m > [22maccepts valid admin input
 [32mΓ£ô[39m src/test/validation.test.js[2m > [22mcreateAdminSchema[2m > [22maccepts custom roles
 [32mΓ£ô[39m src/test/validation.test.js[2m > [22mcreateAdminSchema[2m > [22mrejects password shorter than 6 chars
 [32mΓ£ô[39m src/test/validation.test.js[2m > [22mcreateAdminSchema[2m > [22mrejects invalid email
 [31m├ù[39m src/test/validation.test.js[2m > [22mcreateAdminSchema[2m > [22mrejects invalid role
[31m   ΓåÆ expected false to be true // Object.is equality[39m
 [32mΓ£ô[39m src/test/validation.test.js[2m > [22mcreateAdminSchema[2m > [22mrejects empty roles array
 [32mΓ£ô[39m src/test/validation.test.js[2m > [22mcreateAdminSchema[2m > [22mrejects name too short
 [32mΓ£ô[39m src/test/validation.test.js[2m > [22mupdateSettingsSchema[2m > [22maccepts valid logo URL
 [32mΓ£ô[39m src/test/validation.test.js[2m > [22mupdateSettingsSchema[2m > [22maccepts empty logo string
 [32mΓ£ô[39m src/test/validation.test.js[2m > [22mupdateSettingsSchema[2m > [22mrejects invalid logo URL
 [32mΓ£ô[39m src/test/validation.test.js[2m > [22mupdateSettingsSchema[2m > [22mrejects announcement exceeding 500 chars
 [32mΓ£ô[39m src/test/validation.test.js[2m > [22mupdateSettingsSchema[2m > [22maccepts valid announcement
 [32mΓ£ô[39m src/test/cart.test.js[2m > [22mCart calculations[2m > [22mCart count[2m > [22msums item quantities correctly
 [32mΓ£ô[39m src/test/cart.test.js[2m > [22mCart calculations[2m > [22mCart count[2m > [22mdefaults missing quantity to 1
 [32mΓ£ô[39m src/test/cart.test.js[2m > [22mCart calculations[2m > [22mCart count[2m > [22mhandles empty cart
 [32mΓ£ô[39m src/test/cart.test.js[2m > [22mCart calculations[2m > [22mCart count[2m > [22mhandles zero quantity as 1
 [32mΓ£ô[39m src/test/cart.test.js[2m > [22mCart calculations[2m > [22mCart total[2m > [22mcomputes correct total for single item
 [32mΓ£ô[39m src/test/cart.test.js[2m > [22mCart calculations[2m > [22mCart total[2m > [22mcomputes correct total for multiple items
 [32mΓ£ô[39m src/test/cart.test.js[2m > [22mCart calculations[2m > [22mCart total[2m > [22mtreats missing price as 0
 [32mΓ£ô[39m src/test/cart.test.js[2m > [22mCart calculations[2m > [22mCart total[2m > [22mhandles empty cart
 [32mΓ£ô[39m src/test/cart.test.js[2m > [22mCart calculations[2m > [22mCart total[2m > [22mhandles all-zero prices
 [32mΓ£ô[39m src/test/cart.test.js[2m > [22mCoupon discount calculations[2m > [22mapplies percentage discount correctly
 [32mΓ£ô[39m src/test/cart.test.js[2m > [22mCoupon discount calculations[2m > [22mapplies fixed PKR discount correctly
 [32mΓ£ô[39m src/test/cart.test.js[2m > [22mCoupon discount calculations[2m > [22mcaps fixed discount at cart total (no negative total)
 [32mΓ£ô[39m src/test/cart.test.js[2m > [22mCoupon discount calculations[2m > [22mrejects expired coupon
 [32mΓ£ô[39m src/test/cart.test.js[2m > [22mCoupon discount calculations[2m > [22mrejects exhausted coupon
 [32mΓ£ô[39m src/test/cart.test.js[2m > [22mCoupon discount calculations[2m > [22mrejects when below minimum order value
 [32mΓ£ô[39m src/test/cart.test.js[2m > [22mCoupon discount calculations[2m > [22maccepts coupon at exactly minimum order value
 [32mΓ£ô[39m src/test/cart.test.js[2m > [22mCoupon discount calculations[2m > [22mhandles 100% percentage discount (free order)
 [32mΓ£ô[39m src/test/cart.test.js[2m > [22mCoupon discount calculations[2m > [22mrounds percentage discount (no decimals)
 [32mΓ£ô[39m src/test/cart.test.js[2m > [22mStock validation[2m > [22mpasses when sufficient stock (no size)
 [32mΓ£ô[39m src/test/cart.test.js[2m > [22mStock validation[2m > [22mpasses when sufficient stock (with size)
 [32mΓ£ô[39m src/test/cart.test.js[2m > [22mStock validation[2m > [22mfails when insufficient total stock
 [32mΓ£ô[39m src/test/cart.test.js[2m > [22mStock validation[2m > [22mfails when insufficient size stock
 [32mΓ£ô[39m src/test/cart.test.js[2m > [22mStock validation[2m > [22mfails when requested size not in sizeStock map
 [32mΓ£ô[39m src/test/cart.test.js[2m > [22mStock validation[2m > [22mhandles undefined sizeStock gracefully
 [32mΓ£ô[39m src/test/cart.test.js[2m > [22mStock validation[2m > [22mhandles exact stock match (available === requested)
 [32mΓ£ô[39m src/test/cart.test.js[2m > [22mOrder ID format[2m > [22maccepts valid order IDs
 [32mΓ£ô[39m src/test/cart.test.js[2m > [22mOrder ID format[2m > [22mrejects invalid order IDs
 [32mΓ£ô[39m src/test/cart.test.js[2m > [22mProduct ID format[2m > [22maccepts valid product IDs
 [32mΓ£ô[39m src/test/cart.test.js[2m > [22mProduct ID format[2m > [22mrejects invalid product IDs
 [32mΓ£ô[39m src/test/cart.test.js[2m > [22mPayment method validation[2m > [22maccepts all valid payment methods
 [32mΓ£ô[39m src/test/cart.test.js[2m > [22mPayment method validation[2m > [22mrejects invalid payment methods
 [32mΓ£ô[39m src/test/cart.test.js[2m > [22mEmail validation[2m > [22maccepts valid emails
 [32mΓ£ô[39m src/test/cart.test.js[2m > [22mEmail validation[2m > [22mrejects invalid emails
 [32mΓ£ô[39m src/test/auth.test.js[2m > [22mAPI Utilities[2m > [22mshould export fetchApi with correct options
 [32mΓ£ô[39m src/test/auth.test.js[2m > [22mCart Logic Context[2m > [22mshould calculate cart count correctly
 [32mΓ£ô[39m src/test/auth.test.js[2m > [22mCart Logic Context[2m > [22mshould calculate total correctly
 [32mΓ£ô[39m src/test/auth.test.js[2m > [22mInput Validation[2m > [22mshould validate email format
 [32mΓ£ô[39m src/test/auth.test.js[2m > [22mInput Validation[2m > [22mshould validate product ID format
 [32mΓ£ô[39m src/test/auth.test.js[2m > [22mInput Validation[2m > [22mshould validate order ID format
[90mstdout[2m | src/test/auth.test.js[2m > [22m[2mAPI Utilities[2m > [22m[2mshould export fetchApi with correct options[22m[39m
[API] Configuration
  Mode: test
  VITE_API_URL: [90mundefined[39m
  Resolved API_BASE: (empty ΓÇö using Vite proxy)


node.exe : 
[31mΓÄ»ΓÄ»ΓÄ»ΓÄ»ΓÄ»ΓÄ»ΓÄ»[1m[7m Failed 
Tests 5 [27m[22mΓÄ»ΓÄ»ΓÄ»ΓÄ»ΓÄ»ΓÄ»ΓÄ»[39m
At line:1 char:1
+ & "C:\Program Files\nodejs/node.exe" 
"C:\Program Files\nodejs/node_mo ...
+ ~~~~~~~~~~~~~~~~~~~~~~~~~~~~~~~~~~~~~~~~~~
~~~~~~~~~~~~~~~~~~~~~~~~~~~
    + CategoryInfo          : NotSpecified: 
    ([31mΓÄ»ΓÄ»ΓÄ»Γ...»ΓÄ»ΓÄ»ΓÄ»[39m:Str  
  ing) [], RemoteException
    + FullyQualifiedErrorId : NativeCommand 
   Error
 

[31m[1m[7m FAIL [27m[22m[39m 
src/test/checkout.test.js[2m > 
[22mCheckout flow ΓÇö end-to-end logic[2m 
> [22mFull checkout scenario[2m > 
[22mcomplete happy-path: cart ΓåÆ 
validation ΓåÆ enrichment ΓåÆ order creation
[31m[1mAssertionError[22m: expected 
false to be true // Object.is equality[39m

[32m- Expected[39m
[31m+ Received[39m

[32m- true[39m
[31m+ false[39m

[36m [2mΓ¥»[22m src/test/checkout.test.js
:[2m284:29[22m[39m
    [90m282| [39m      [90m// Step 1: 
Validate[39m
    [90m283| [39m      [35mconst[39m 
validation [33m=[39m [34mcheckOutValidati
on[39m(cartItems[33m,[39m 
mockProducts)[33m;[39m
    [90m284| [39m      [34mexpect[39m(va
lidation[33m.[39mok)[33m.[39m[34mtoBe[
39m([35mtrue[39m)[33m;[39m
    [90m   | [39m                         
   [31m^[39m
    [90m285| [39m
    [90m286| [39m      [90m// Step 2: 
Enrich[39m

[31m[2mΓÄ»ΓÄ»ΓÄ»ΓÄ»ΓÄ»ΓÄ»ΓÄ»ΓÄ»ΓÄ»ΓÄ»ΓÄ»ΓÄ
»ΓÄ»ΓÄ»ΓÄ»ΓÄ»ΓÄ»ΓÄ»ΓÄ»ΓÄ»ΓÄ»ΓÄ»ΓÄ»ΓÄ»[1/5]ΓÄ
»[22m[39m

[31m[1m[7m FAIL [27m[22m[39m 
src/test/server-utils.test.js[2m > 
[22mPrice snapshot at checkout[2m > 
[22mclamps negative total to 0
[31m[1mAssertionError[22m: expected +0 
to be -500 // Object.is equality[39m

[32m- Expected[39m
[31m+ Received[39m

[32m- -500[39m
[31m+ 0[39m

[36m [2mΓ¥»[22m src/test/server-utils.tes
t.js:[2m166:42[22m[39m
    [90m164| [39m    [90m// Simulate 
broken data[39m
    [90m165| [39m    [35mconst[39m 
broken [33m=[39m [{ price[33m:[39m 
[33m-[39m[34m500[39m[33m,[39m 
quantity[33m:[39m [34m1[39m 
}][33m;[39m
    [90m166| [39m    [34mexpect[39m([34
mcomputeVerifiedTotal[39m(broken))[33m.[3
9m[34mtoBe[39m([33m-[39m[34m500[39m)[
33m;[39m [90m// price can be 0[39mΓÇª
    [90m   | [39m                         
                [31m^[39m
    [90m167| [39m  })[33m;[39m
    [90m168| [39m

[31m[2mΓÄ»ΓÄ»ΓÄ»ΓÄ»ΓÄ»ΓÄ»ΓÄ»ΓÄ»ΓÄ»ΓÄ»ΓÄ»ΓÄ
»ΓÄ»ΓÄ»ΓÄ»ΓÄ»ΓÄ»ΓÄ»ΓÄ»ΓÄ»ΓÄ»ΓÄ»ΓÄ»ΓÄ»[2/5]ΓÄ
»[22m[39m

[31m[1m[7m FAIL [27m[22m[39m 
src/test/validation.test.js[2m > 
[22mcreateProductSchema[2m > [22mrejects 
sizeStock with negative values
[31m[1mAssertionError[22m: expected 
false to be true // Object.is equality[39m

[32m- Expected[39m
[31m+ Received[39m

[32m- true[39m
[31m+ false[39m

[36m [2mΓ¥»[22m assertInvalid src/test/va
lidation.test.js:[2m27:56[22m[39m
    [90m 25| [39m  [34mexpect[39m(result
[33m.[39msuccess[33m,[39m 
[32m`Expected invalid for field: [39m[36m
${[39mfield[36m}[39m[32m`[39m)[33m.[3
9m[34mtoBe[39m(ΓÇª
    [90m 26| [39m  [35mif[39m (field) {
    [90m 27| [39m    [34mexpect[39m(resu
lt[33m.[39merrors[33m.[39m[34msome[39m
(e [33m=>[39m e[33m.[39mfield 
[33m===[39m field))[33m.[39m[34mtoBe[3
9m([35mtrue[39m)[33m;[39m
    [90m   | [39m                         
                              [31m^[39m
    [90m 28| [39m  }
    [90m 29| [39m}[33m;[39m
[90m [2mΓ¥»[22m src/test/validation.test.
js:[2m103:54[22m[39m

[31m[2mΓÄ»ΓÄ»ΓÄ»ΓÄ»ΓÄ»ΓÄ»ΓÄ»ΓÄ»ΓÄ»ΓÄ»ΓÄ»ΓÄ
»ΓÄ»ΓÄ»ΓÄ»ΓÄ»ΓÄ»ΓÄ»ΓÄ»ΓÄ»ΓÄ»ΓÄ»ΓÄ»ΓÄ»[3/5]ΓÄ
»[22m[39m

[31m[1m[7m FAIL [27m[22m[39m 
src/test/validation.test.js[2m > 
[22mupdateProductSchema[2m > [22mrejects 
invalid bucket
[31m[1mAssertionError[22m: Expected 
invalid for field: bucket: expected true to 
be false // Object.is equality[39m

[32m- Expected[39m
[31m+ Received[39m

[32m- false[39m
[31m+ true[39m

[36m [2mΓ¥»[22m assertInvalid src/test/va
lidation.test.js:[2m25:66[22m[39m
    [90m 23| [39m[35mconst[39m 
assertInvalid [33m=[39m 
(schema[33m,[39m input[33m,[39m field) 
[33m=>[39m {
    [90m 24| [39m  [35mconst[39m result 
[33m=[39m 
[34mvalidate[39m(schema[33m,[39m 
input)[33m;[39m
    [90m 25| [39m  [34mexpect[39m(result
[33m.[39msuccess[33m,[39m 
[32m`Expected invalid for field: [39m[36m
${[39mfield[36m}[39m[32m`[39m)[33m.[3
9m[34mtoBe[39m(ΓÇª
    [90m   | [39m                         
                                        
[31m^[39m
    [90m 26| [39m  [35mif[39m (field) {
    [90m 27| [39m    [34mexpect[39m(resu
lt[33m.[39merrors[33m.[39m[34msome[39m
(e [33m=>[39m e[33m.[39mfield 
[33m===[39m field))[33m.[39m[34mtoBe[3
9m([35mtrue[39m)[33m;[39m
[90m [2mΓ¥»[22m src/test/validation.test.
js:[2m122:38[22m[39m

[31m[2mΓÄ»ΓÄ»ΓÄ»ΓÄ»ΓÄ»ΓÄ»ΓÄ»ΓÄ»ΓÄ»ΓÄ»ΓÄ»ΓÄ
»ΓÄ»ΓÄ»ΓÄ»ΓÄ»ΓÄ»ΓÄ»ΓÄ»ΓÄ»ΓÄ»ΓÄ»ΓÄ»ΓÄ»[4/5]ΓÄ
»[22m[39m

[31m[1m[7m FAIL [27m[22m[39m 
src/test/validation.test.js[2m > 
[22mcreateAdminSchema[2m > [22mrejects 
invalid role
[31m[1mAssertionError[22m: expected 
false to be true // Object.is equality[39m

[32m- Expected[39m
[31m+ Received[39m

[32m- true[39m
[31m+ false[39m

[36m [2mΓ¥»[22m assertInvalid src/test/va
lidation.test.js:[2m27:56[22m[39m
    [90m 25| [39m  [34mexpect[39m(result
[33m.[39msuccess[33m,[39m 
[32m`Expected invalid for field: [39m[36m
${[39mfield[36m}[39m[32m`[39m)[33m.[3
9m[34mtoBe[39m(ΓÇª
    [90m 26| [39m  [35mif[39m (field) {
    [90m 27| [39m    [34mexpect[39m(resu
lt[33m.[39merrors[33m.[39m[34msome[39m
(e [33m=>[39m e[33m.[39mfield 
[33m===[39m field))[33m.[39m[34mtoBe[3
9m([35mtrue[39m)[33m;[39m
    [90m   | [39m                         
                              [31m^[39m
    [90m 28| [39m  }
    [90m 29| [39m}[33m;[39m
[90m [2mΓ¥»[22m src/test/validation.test.
js:[2m222:36[22m[39m

[31m[2mΓÄ»ΓÄ»ΓÄ»ΓÄ»ΓÄ»ΓÄ»ΓÄ»ΓÄ»ΓÄ»ΓÄ»ΓÄ»ΓÄ
»ΓÄ»ΓÄ»ΓÄ»ΓÄ»ΓÄ»ΓÄ»ΓÄ»ΓÄ»ΓÄ»ΓÄ»ΓÄ»ΓÄ»[5/5]ΓÄ
»[22m[39m

[2m Test Files [22m [1m[31m3 failed[39m[22m[2m | [22m[1m[32m2 passed[39m[22m[90m (5)[39m
[2m      Tests [22m [1m[31m5 failed[39m[22m[2m | [22m[1m[32m147 passed[39m[22m[90m (152)[39m
[2m   Start at [22m 01:01:04
[2m   Duration [22m 5.38s[2m (transform 299ms, setup 2.75s, collect 500ms, tests 252ms, environment 5.90s, prepare 1.43s)[22m

